1 코인: 편의점빌런 고은가람 사진
2 코인: 청룡열차 ㄱㅇㅈㅇㄱ 사진
3 코인: 오송역
4 코인: 청룡열차 ㄱㅇㅈㅇㄱ 사진
5 코인: 청룡열차 ㄱㅇㅈㅇㄱ 사진
6 코인: 청룡열차 ㄱㅇㅈㅇㄱ 사진
7 코인: 청룡열차 사진
8 코인: 청룡열차 ㄱㅇㅈㅇㄱ 사진
9 코인: 청룡열차 ㄱㅇㅈㅇㄱ 사진
10 코인: 오송역
11 코인: 청룡열차 사진
12 코인: 청룡열차 사진
13 코인: 청룡열차 ㄱㅇㅈㅇㄱ 사진
14 코인: 청룡열차 ㄱㅇㅈㅇㄱ 사진
15 코인: 지쿠빌런 고은가람 사진
16 코인: 청룡열차 ㄱㅇㅈㅇㄱ 사진
17 코인: 지쿠빌런 고은가람 사진
18 코인: 오송역
19 코인: 오송역
20 코인: 오송역
21 코인: 오송역
22 코인: 청룡열차 사진
23 코인: 청룡열차 사진
24 코인: 청룡열차 ㄱㅇㅈㅇㄱ 사진
25 코인: 오송역
26 코인: 오송역
27 코인: 오송역
28 코인: 오송역
29 코인: 오송역
30 코인: 청룡열차 사진
31 코인: 오송역
32 코인: 의자도둑 고은가람 사진
33 코인: 지쿠빌런 고은가람 사진
34 코인: 오송역
35 코인: 지쿠빌런 고은가람 사진
36 코인: 청룡열차 사진
37 코인: 지쿠빌런 고은가람 사진
38 코인: 지쿠빌런 고은가람 사진
39 코인: 지쿠빌런 고은가람 사진
40 코인: 청룡열차 사진
41 코인: 청룡열차 ㄱㅇㅈㅇㄱ 사진
42 코인: 의자도둑 고은가람 사진
43 코인: 지쿠빌런 고은가람 사진
44 코인: 이주년 ㄱㅇㅈㅇㄱ 사진 1
45 코인: 의자도둑 고은가람 사진
46 코인: 오송역
47 코인: 오송역
48 코인: 오송역
49 코인: 지쿠빌런 고은가람 사진
50 코인: 편의점빌런 고은가람 사진
51 코인: 편의점빌런 고은가람 사진
52 코인: 청룡열차 ㄱㅇㅈㅇㄱ 사진
53 코인: 의자도둑 고은가람 사진
54 코인: 지쿠빌런 고은가람 사진
55 코인: 청룡열차 ㄱㅇㅈㅇㄱ 사진
56 코인: 청룡열차 ㄱㅇㅈㅇㄱ 사진
57 코인: 오송역
58 코인: 의자도둑 고은가람 사진
59 코인: 오송역
60 코인: 오송역
61 코인: 청룡열차 ㄱㅇㅈㅇㄱ 사진
62 코인: 오송역
63 코인: 편의점빌런 고은가람 사진
64 코인: 청룡열차 ㄱㅇㅈㅇㄱ 사진
65 코인: 청룡열차 ㄱㅇㅈㅇㄱ 사진
66 코인: 청룡열차 사진
67 코인: 청룡열차 사진
68 코인: 오송역
69 코인: 오송역
70 코인: 오송역
71 코인: 의자도둑 고은가람 사진
72 코인: 청룡열차 사진
73 코인: 편의점빌런 고은가람 사진
74 코인: 청룡열차 사진
75 코인: 청룡열차 ㄱㅇㅈㅇㄱ 사진
76 코인: 청룡열차 사진
77 코인: 편의점빌런 고은가람 사진
78 코인: 청룡열차 ㄱㅇㅈㅇㄱ 사진
79 코인: 편의점빌런 고은가람 사진
80 코인: 지쿠빌런 고은가람 사진
81 코인: 오송역
82 코인: 오송역
83 코인: 편의점빌런 고은가람 사진
84 코인: 청룡열차 ㄱㅇㅈㅇㄱ 사진
85 코인: 청룡열차 ㄱㅇㅈㅇㄱ 사진
86 코인: 지쿠빌런 고은가람 사진
87 코인: 편의점빌런 고은가람 사진
88 코인: 청룡열차 사진
89 코인: 의자도둑 고은가람 사진
90 코인: 청룡열차 사진
91 코인: 지쿠빌런 고은가람 사진
92 코인: 편의점빌런 고은가람 사진
93 코인: 오송역
94 코인: 청룡열차 ㄱㅇㅈㅇㄱ 사진
95 코인: 지쿠빌런 고은가람 사진
96 코인: 오송역
97 코인: 오송역
98 코인: 오송역
99 코인: 편의점빌런 고은가람 사진
100 코인: 청룡열차 사진
101 코인: 청룡열차 사진
102 코인: 청룡열차 사진
103 코인: 지쿠빌런 고은가람 사진
104 코인: 지쿠빌런 고은가람 사진
105 코인: 오송역
106 코인: 편의점빌런 고은가람 사진
107 코인: 청룡열차 ㄱㅇㅈㅇㄱ 사진
108 코인: 청룡열차 ㄱㅇㅈㅇㄱ 사진
109 코인: 청룡열차 ㄱㅇㅈㅇㄱ 사진
110 코인: 지쿠빌런 고은가람 사진
111 코인: 청룡열차 ㄱㅇㅈㅇㄱ 사진
112 코인: 청룡열차 사진
113 코인: 오송역
114 코인: 청룡열차 ㄱㅇㅈㅇㄱ 사진
115 코인: 오송역
116 코인: 오송역
117 코인: 청룡열차 사진
118 코인: 의자도둑 고은가람 사진
119 코인: 지쿠빌런 고은가람 사진
120 코인: 오송역
121 코인: 의자도둑 고은가람 사진
122 코인: 오송역
123 코인: 오송역
124 코인: 청룡열차 사진
125 코인: 오송역
126 코인: 지쿠빌런 고은가람 사진
127 코인: 청룡열차 ㄱㅇㅈㅇㄱ 사진
128 코인: 청룡열차 ㄱㅇㅈㅇㄱ 사진
129 코인: 청룡열차 ㄱㅇㅈㅇㄱ 사진
130 코인: 오송역
131 코인: 편의점빌런 고은가람 사진
132 코인: 오송역
133 코인: 청룡열차 ㄱㅇㅈㅇㄱ 사진
134 코인: 청룡열차 ㄱㅇㅈㅇㄱ 사진
135 코인: 청룡열차 ㄱㅇㅈㅇㄱ 사진
136 코인: 의자도둑 고은가람 사진
137 코인: 편의점빌런 고은가람 사진
138 코인: 오송역
139 코인: 청룡열차 ㄱㅇㅈㅇㄱ 사진
140 코인: 청룡열차 사진
141 코인: 오송역
142 코인: 청룡열차 사진
143 코인: 지쿠빌런 고은가람 사진
144 코인: 편의점빌런 고은가람 사진
145 코인: 청룡열차 ㄱㅇㅈㅇㄱ 사진
146 코인: 오송역
147 코인: 청룡열차 사진
148 코인: 청룡열차 ㄱㅇㅈㅇㄱ 사진
149 코인: 청룡열차 사진
150 코인: 편의점빌런 고은가람 사진
151 코인: 오송역
152 코인: 의자도둑 고은가람 사진
153 코인: 의자도둑 고은가람 사진
154 코인: 오송역
155 코인: 청룡열차 ㄱㅇㅈㅇㄱ 사진
156 코인: 청룡열차 사진
157 코인: 오송역
158 코인: 오송역
159 코인: 오송역
160 코인: 청룡열차 사진
161 코인: 오송역
162 코인: 청룡열차 사진
163 코인: 청룡열차 사진
164 코인: 오송역
165 코인: 청룡열차 ㄱㅇㅈㅇㄱ 사진
166 코인: 청룡열차 사진
167 코인: 오송역
168 코인: 청룡열차 ㄱㅇㅈㅇㄱ 사진
169 코인: 오송역
170 코인: 의자도둑 고은가람 사진
171 코인: 오송역
172 코인: 청룡열차 ㄱㅇㅈㅇㄱ 사진
173 코인: 청룡열차 ㄱㅇㅈㅇㄱ 사진
174 코인: 청룡열차 사진
175 코인: 의자도둑 고은가람 사진
176 코인: 오송역
177 코인: 편의점빌런 고은가람 사진
178 코인: 지쿠빌런 고은가람 사진
179 코인: 지쿠빌런 고은가람 사진
180 코인: 의자도둑 고은가람 사진
181 코인: 편의점빌런 고은가람 사진
182 코인: 청룡열차 사진
183 코인: 청룡열차 사진
184 코인: 의자도둑 고은가람 사진
185 코인: 오송역
186 코인: 오송역
187 코인: 의자도둑 고은가람 사진
188 코인: 편의점빌런 고은가람 사진
189 코인: 편의점빌런 고은가람 사진
190 코인: 청룡열차 사진
191 코인: 의자도둑 고은가람 사진
192 코인: 청룡열차 사진
193 코인: 지쿠빌런 고은가람 사진
194 코인: 이주년 ㄱㅇㅈㅇㄱ 사진 1
195 코인: 의자도둑 고은가람 사진
196 코인: 지쿠빌런 고은가람 사진
197 코인: 청룡열차 ㄱㅇㅈㅇㄱ 사진
198 코인: 편의점빌런 고은가람 사진
199 코인: 청룡열차 사진
200 코인: 편의점빌런 고은가람 사진
201 코인: 오송역
202 코인: 오송역
203 코인: 의자도둑 고은가람 사진
204 코인: 오송역
205 코인: 오송역
206 코인: 편의점빌런 고은가람 사진
207 코인: 의자도둑 고은가람 사진
208 코인: 청룡열차 ㄱㅇㅈㅇㄱ 사진
209 코인: 오송역
210 코인: 지쿠빌런 고은가람 사진
211 코인: 청룡열차 ㄱㅇㅈㅇㄱ 사진
212 코인: 지쿠빌런 고은가람 사진
213 코인: 편의점빌런 고은가람 사진
214 코인: 청룡열차 사진
215 코인: 편의점빌런 고은가람 사진
216 코인: 청룡열차 ㄱㅇㅈㅇㄱ 사진
217 코인: 오송역
218 코인: 청룡열차 사진
219 코인: 지쿠빌런 고은가람 사진
220 코인: 청룡열차 사진
221 코인: 오송역
222 코인: 청룡열차 사진
223 코인: 청룡열차 사진
224 코인: 청룡열차 사진
225 코인: 청룡열차 ㄱㅇㅈㅇㄱ 사진
226 코인: 오송역
227 코인: 청룡열차 ㄱㅇㅈㅇㄱ 사진
228 코인: 청룡열차 ㄱㅇㅈㅇㄱ 사진
229 코인: 청룡열차 ㄱㅇㅈㅇㄱ 사진
230 코인: 지쿠빌런 고은가람 사진
231 코인: 의자도둑 고은가람 사진
232 코인: 오송역
233 코인: 청룡열차 사진
234 코인: 지쿠빌런 고은가람 사진
235 코인: 청룡열차 ㄱㅇㅈㅇㄱ 사진
236 코인: 청룡열차 사진
237 코인: 청룡열차 ㄱㅇㅈㅇㄱ 사진
238 코인: 오송역
239 코인: 의자도둑 고은가람 사진
240 코인: 의자도둑 고은가람 사진
241 코인: 지쿠빌런 고은가람 사진
242 코인: 청룡열차 사진
243 코인: 의자도둑 고은가람 사진
244 코인: 오송역
245 코인: 청룡열차 사진
246 코인: 청룡열차 사진
247 코인: 청룡열차 ㄱㅇㅈㅇㄱ 사진
248 코인: 청룡열차 사진
249 코인: 청룡열차 사진
250 코인: 오송역
251 코인: 지쿠빌런 고은가람 사진
252 코인: 청룡열차 사진
253 코인: 청룡열차 사진
254 코인: 청룡열차 사진
255 코인: 오송역
256 코인: 의자도둑 고은가람 사진
257 코인: 청룡열차 ㄱㅇㅈㅇㄱ 사진
258 코인: 편의점빌런 고은가람 사진
259 코인: 오송역
260 코인: 청룡열차 ㄱㅇㅈㅇㄱ 사진
261 코인: 청룡열차 ㄱㅇㅈㅇㄱ 사진
262 코인: 편의점빌런 고은가람 사진
263 코인: 오송역
264 코인: 편의점빌런 고은가람 사진
265 코인: 의자도둑 고은가람 사진
266 코인: 지쿠빌런 고은가람 사진
267 코인: 편의점빌런 고은가람 사진
268 코인: 오송역
269 코인: 청룡열차 ㄱㅇㅈㅇㄱ 사진
270 코인: 청룡열차 ㄱㅇㅈㅇㄱ 사진
271 코인: 이주년 ㄱㅇㅈㅇㄱ 사진 1
272 코인: 이주년 ㄱㅇㅈㅇㄱ 사진 1
273 코인: 오송역
274 코인: 청룡열차 ㄱㅇㅈㅇㄱ 사진
275 코인: 청룡열차 ㄱㅇㅈㅇㄱ 사진
276 코인: 청룡열차 사진
277 코인: 이주년 ㄱㅇㅈㅇㄱ 사진 1
278 코인: 오송역
279 코인: 오송역
280 코인: 지쿠빌런 고은가람 사진
281 코인: 청룡열차 ㄱㅇㅈㅇㄱ 사진
282 코인: 오송역
283 코인: 청룡열차 사진
284 코인: 오송역
285 코인: 청룡열차 사진
286 코인: 청룡열차 사진
287 코인: 편의점빌런 고은가람 사진
288 코인: 의자도둑 고은가람 사진
289 코인: 청룡열차 ㄱㅇㅈㅇㄱ 사진
290 코인: 청룡열차 사진
291 코인: 의자도둑 고은가람 사진
292 코인: 오송역
293 코인: 청룡열차 사진
294 코인: 오송역
295 코인: 지쿠빌런 고은가람 사진
296 코인: 오송역
297 코인: 청룡열차 ㄱㅇㅈㅇㄱ 사진
298 코인: 오송역
299 코인: 편의점빌런 고은가람 사진
300 코인: 오송역